Server is healthy: Fri Mar 20 12:16:39 UTC 2026
Server is healthy: Fri Mar 20 12:16:42 UTC 2026
Server is healthy: Fri Mar 20 12:16:45 UTC 2026
Server is healthy: Fri Mar 20 12:20:01 UTC 2026
Server is healthy: Fri Mar 20 12:21:02 UTC 2026
Server is healthy: Fri Mar 20 12:22:01 UTC 2026
Server is healthy: Fri Mar 20 12:23:01 UTC 2026
Server is healthy: Fri Mar 20 12:24:01 UTC 2026
Server is healthy: Fri Mar 20 12:25:01 UTC 2026
Server is healthy: Fri Mar 20 12:26:01 UTC 2026
Server is healthy: Fri Mar 20 12:27:01 UTC 2026
Server is healthy: Fri Mar 20 12:28:01 UTC 2026
Server is healthy: Fri Mar 20 12:29:02 UTC 2026
Server is healthy: Fri Mar 20 12:30:01 UTC 2026
Server is healthy: Fri Mar 20 12:31:01 UTC 2026
Server is healthy: Fri Mar 20 12:32:01 UTC 2026
Server is healthy: Fri Mar 20 12:33:01 UTC 2026
Server is healthy: Fri Mar 20 12:34:01 UTC 2026
Server is healthy: Fri Mar 20 12:35:01 UTC 2026
Server is healthy: Fri Mar 20 12:36:01 UTC 2026
Server is healthy: Fri Mar 20 12:37:02 UTC 2026
Server is healthy: Fri Mar 20 12:38:01 UTC 2026
Server is healthy: Fri Mar 20 12:39:01 UTC 2026
Server is healthy: Fri Mar 20 12:40:01 UTC 2026
Server is healthy: Fri Mar 20 12:41:01 UTC 2026
Server is healthy: Fri Mar 20 12:42:01 UTC 2026
Server is healthy: Fri Mar 20 12:43:01 UTC 2026
Server is healthy: Fri Mar 20 12:44:01 UTC 2026
Server is healthy: Fri Mar 20 12:45:01 UTC 2026
Server is healthy: Fri Mar 20 12:46:01 UTC 2026
Server is healthy: Fri Mar 20 12:47:01 UTC 2026
Server is healthy: Fri Mar 20 12:48:01 UTC 2026
Server is healthy: Fri Mar 20 12:49:01 UTC 2026
Server is healthy: Fri Mar 20 12:50:01 UTC 2026
Server is healthy: Fri Mar 20 12:51:01 UTC 2026
Server is healthy: Fri Mar 20 12:52:01 UTC 2026
Server is healthy: Fri Mar 20 12:53:01 UTC 2026
Server is healthy: Fri Mar 20 12:54:01 UTC 2026
Server is healthy: Fri Mar 20 12:55:01 UTC 2026
Server is healthy: Fri Mar 20 12:56:01 UTC 2026
Server is healthy: Fri Mar 20 12:57:01 UTC 2026
Server is healthy: Fri Mar 20 12:58:01 UTC 2026
Server is healthy: Fri Mar 20 12:59:01 UTC 2026
Server is healthy: Fri Mar 20 13:00:01 UTC 2026
Server is healthy: Fri Mar 20 13:01:01 UTC 2026
Server is healthy: Fri Mar 20 13:02:01 UTC 2026
Server is healthy: Fri Mar 20 13:03:02 UTC 2026
Server is healthy: Fri Mar 20 13:04:01 UTC 2026
Server is healthy: Fri Mar 20 13:05:01 UTC 2026
Server is healthy: Fri Mar 20 13:06:01 UTC 2026
Server is healthy: Fri Mar 20 13:07:01 UTC 2026
Server is healthy: Fri Mar 20 13:08:01 UTC 2026
Server is healthy: Fri Mar 20 13:09:01 UTC 2026
Server is healthy: Fri Mar 20 13:10:01 UTC 2026
Server is healthy: Mon Mar 23 05:11:01 UTC 2026
Server is healthy: Mon Mar 23 05:12:01 UTC 2026
Server is healthy: Mon Mar 23 05:13:01 UTC 2026
Server is healthy: Mon Mar 23 05:14:01 UTC 2026
Server is healthy: Mon Mar 23 05:15:01 UTC 2026
Server is healthy: Mon Mar 23 05:16:01 UTC 2026
Server is healthy: Mon Mar 23 05:17:01 UTC 2026
Server is healthy: Mon Mar 23 05:18:01 UTC 2026
Server is healthy: Mon Mar 23 05:19:01 UTC 2026
Server is healthy: Mon Mar 23 05:20:01 UTC 2026
Server is healthy: Mon Mar 23 05:21:01 UTC 2026
Server is healthy: Mon Mar 23 05:22:01 UTC 2026
Server is healthy: Mon Mar 23 05:23:01 UTC 2026
Server is healthy: Mon Mar 23 05:24:01 UTC 2026
Server is healthy: Mon Mar 23 05:25:01 UTC 2026
Server is healthy: Mon Mar 23 05:26:01 UTC 2026
Server is healthy: Mon Mar 23 05:27:01 UTC 2026
Server is healthy: Mon Mar 23 05:28:02 UTC 2026
Server is healthy: Mon Mar 23 05:29:02 UTC 2026
Server is healthy: Mon Mar 23 05:30:01 UTC 2026
Server is healthy: Mon Mar 23 05:31:01 UTC 2026
Server is healthy: Mon Mar 23 05:32:01 UTC 2026
Server is healthy: Mon Mar 23 05:33:01 UTC 2026
Server is healthy: Mon Mar 23 05:34:01 UTC 2026
Server is healthy: Mon Mar 23 05:35:01 UTC 2026
Server is healthy: Mon Mar 23 05:36:01 UTC 2026
Server is healthy: Mon Mar 23 05:37:01 UTC 2026
Server is healthy: Mon Mar 23 05:38:01 UTC 2026
Server is healthy: Mon Mar 23 05:39:01 UTC 2026
Server is healthy: Mon Mar 23 05:40:01 UTC 2026
Server is healthy: Mon Mar 23 05:41:01 UTC 2026
Server is healthy: Mon Mar 23 05:42:01 UTC 2026
Server is healthy: Mon Mar 23 05:43:01 UTC 2026
Server is healthy: Mon Mar 23 05:44:02 UTC 2026
Server is healthy: Mon Mar 23 05:45:01 UTC 2026
Server is healthy: Mon Mar 23 05:46:01 UTC 2026
Server is healthy: Mon Mar 23 05:47:01 UTC 2026
Server is healthy: Mon Mar 23 05:48:01 UTC 2026
Server is healthy: Mon Mar 23 05:49:01 UTC 2026
Server is healthy: Mon Mar 23 05:50:01 UTC 2026
Server is healthy: Mon Mar 23 05:51:01 UTC 2026
Server is healthy: Mon Mar 23 05:52:01 UTC 2026
Server is healthy: Mon Mar 23 05:53:01 UTC 2026
Server is healthy: Mon Mar 23 05:54:01 UTC 2026
Server is healthy: Mon Mar 23 05:55:01 UTC 2026
Server is healthy: Mon Mar 23 05:56:01 UTC 2026
Server is healthy: Mon Mar 23 05:57:01 UTC 2026
Server is healthy: Mon Mar 23 05:58:01 UTC 2026
Server is healthy: Mon Mar 23 05:59:01 UTC 2026
Server is healthy: Mon Mar 23 06:00:01 UTC 2026
Server is healthy: Mon Mar 23 06:01:01 UTC 2026
Server is healthy: Mon Mar 23 06:02:01 UTC 2026
Server is healthy: Mon Mar 23 06:03:01 UTC 2026
Server is healthy: Mon Mar 23 06:04:01 UTC 2026
Server is healthy: Mon Mar 23 06:05:01 UTC 2026
Server is healthy: Mon Mar 23 06:06:01 UTC 2026
Server is healthy: Mon Mar 23 06:07:01 UTC 2026
Server is healthy: Mon Mar 23 06:08:01 UTC 2026
Server is healthy: Mon Mar 23 06:09:01 UTC 2026
Server is healthy: Mon Mar 23 06:10:01 UTC 2026
Server is healthy: Mon Mar 23 06:11:01 UTC 2026
Server is healthy: Mon Mar 23 06:12:02 UTC 2026
Server is healthy: Mon Mar 23 06:13:01 UTC 2026
Server is healthy: Mon Mar 23 06:14:01 UTC 2026
Server is healthy: Mon Mar 23 06:15:01 UTC 2026
Server is healthy: Mon Mar 23 06:16:01 UTC 2026
Server is healthy: Mon Mar 23 06:17:01 UTC 2026
Server is healthy: Mon Mar 23 06:18:01 UTC 2026
Server is healthy: Mon Mar 23 06:19:02 UTC 2026
Server is healthy: Mon Mar 23 06:20:01 UTC 2026
Server is healthy: Mon Mar 23 06:21:01 UTC 2026
Server is healthy: Mon Mar 23 06:22:01 UTC 2026
Server is healthy: Mon Mar 23 06:23:01 UTC 2026
Server is healthy: Mon Mar 23 06:24:02 UTC 2026
Server is healthy: Mon Mar 23 06:25:01 UTC 2026
Server is healthy: Mon Mar 23 06:26:01 UTC 2026
Server is healthy: Mon Mar 23 06:27:01 UTC 2026
Server is healthy: Mon Mar 23 06:28:02 UTC 2026
Server is healthy: Mon Mar 23 06:29:01 UTC 2026
Server is healthy: Mon Mar 23 06:30:01 UTC 2026
Server is healthy: Mon Mar 23 06:31:01 UTC 2026
Server is healthy: Mon Mar 23 06:32:01 UTC 2026
Server is healthy: Mon Mar 23 06:33:01 UTC 2026
Server is healthy: Mon Mar 23 06:34:01 UTC 2026
Server is healthy: Mon Mar 23 06:35:01 UTC 2026
Server is healthy: Mon Mar 23 06:36:01 UTC 2026
Server is healthy: Mon Mar 23 06:37:01 UTC 2026
Server is healthy: Mon Mar 23 06:38:02 UTC 2026
Server is healthy: Mon Mar 23 06:39:01 UTC 2026
Server is healthy: Mon Mar 23 06:40:01 UTC 2026
Server is healthy: Mon Mar 23 06:41:01 UTC 2026
Server is healthy: Mon Mar 23 06:42:02 UTC 2026
Server is healthy: Mon Mar 23 06:43:01 UTC 2026
Server is healthy: Mon Mar 23 06:44:01 UTC 2026
Server is healthy: Mon Mar 23 06:45:01 UTC 2026
Server is healthy: Mon Mar 23 06:46:01 UTC 2026
Server is healthy: Mon Mar 23 06:47:01 UTC 2026
Server is healthy: Mon Mar 23 06:48:01 UTC 2026
Server is healthy: Mon Mar 23 06:49:01 UTC 2026
Server is healthy: Mon Mar 23 06:50:01 UTC 2026
Server is healthy: Mon Mar 23 06:51:01 UTC 2026
Server is healthy: Mon Mar 23 06:52:02 UTC 2026
Server is healthy: Mon Mar 23 06:53:01 UTC 2026
Server is healthy: Mon Mar 23 06:54:01 UTC 2026
Server is healthy: Mon Mar 23 06:55:01 UTC 2026
Server is healthy: Mon Mar 23 06:56:01 UTC 2026
Server is healthy: Mon Mar 23 06:57:01 UTC 2026
Server is healthy: Mon Mar 23 06:58:01 UTC 2026
Server is healthy: Mon Mar 23 06:59:01 UTC 2026
Server is healthy: Mon Mar 23 07:00:01 UTC 2026
Server is healthy: Mon Mar 23 07:01:01 UTC 2026
Server is healthy: Mon Mar 23 07:02:01 UTC 2026
Server is healthy: Mon Mar 23 07:03:01 UTC 2026
Server is healthy: Mon Mar 23 07:04:02 UTC 2026
Server is healthy: Mon Mar 23 07:05:01 UTC 2026
Server is healthy: Mon Mar 23 07:06:01 UTC 2026
Server is healthy: Mon Mar 23 07:07:01 UTC 2026
Server is healthy: Mon Mar 23 07:08:01 UTC 2026
Server is healthy: Mon Mar 23 07:09:01 UTC 2026
Server is healthy: Mon Mar 23 07:10:01 UTC 2026
Server is healthy: Mon Mar 23 07:11:01 UTC 2026
Server is healthy: Mon Mar 23 07:12:01 UTC 2026
Server is healthy: Mon Mar 23 07:13:01 UTC 2026
Server is healthy: Mon Mar 23 07:14:01 UTC 2026
Server is healthy: Mon Mar 23 07:15:01 UTC 2026
Server is healthy: Mon Mar 23 07:16:01 UTC 2026
Server is healthy: Mon Mar 23 07:17:01 UTC 2026
Server is healthy: Mon Mar 23 07:18:02 UTC 2026
Server is healthy: Mon Mar 23 07:19:01 UTC 2026
Server is healthy: Mon Mar 23 07:20:01 UTC 2026
Server is healthy: Mon Mar 23 07:21:01 UTC 2026
Server is healthy: Mon Mar 23 07:22:01 UTC 2026
Server is healthy: Mon Mar 23 07:23:01 UTC 2026
Server is healthy: Mon Mar 23 07:24:01 UTC 2026
Server is healthy: Mon Mar 23 07:25:01 UTC 2026
Server is healthy: Mon Mar 23 07:26:02 UTC 2026
Server is healthy: Mon Mar 23 07:27:01 UTC 2026
Server is healthy: Mon Mar 23 07:28:01 UTC 2026
Server is healthy: Mon Mar 23 07:29:01 UTC 2026
Server is healthy: Mon Mar 23 07:30:01 UTC 2026
Server is healthy: Mon Mar 23 07:31:01 UTC 2026
Server is healthy: Mon Mar 23 07:32:01 UTC 2026
Server is healthy: Mon Mar 23 07:33:01 UTC 2026
Server is healthy: Mon Mar 23 07:34:01 UTC 2026
Server is healthy: Mon Mar 23 07:35:01 UTC 2026
Server is healthy: Mon Mar 23 07:36:01 UTC 2026
Server is healthy: Mon Mar 23 07:37:01 UTC 2026
Server is healthy: Mon Mar 23 07:38:01 UTC 2026
Server is healthy: Mon Mar 23 07:39:01 UTC 2026
Server is healthy: Mon Mar 23 07:40:01 UTC 2026
Server is healthy: Mon Mar 23 07:41:01 UTC 2026
Server is healthy: Mon Mar 23 07:42:04 UTC 2026
Server is healthy: Mon Mar 23 07:43:01 UTC 2026
Server is healthy: Mon Mar 23 07:44:01 UTC 2026
Server is healthy: Mon Mar 23 07:45:01 UTC 2026
Server is healthy: Mon Mar 23 07:46:01 UTC 2026
Server is healthy: Mon Mar 23 07:47:01 UTC 2026
Server is healthy: Mon Mar 23 07:48:02 UTC 2026
Server is healthy: Mon Mar 23 07:49:01 UTC 2026
Server is healthy: Mon Mar 23 07:50:01 UTC 2026
Server is healthy: Mon Mar 23 07:51:01 UTC 2026
Server is healthy: Mon Mar 23 07:52:01 UTC 2026
Server is healthy: Mon Mar 23 07:53:01 UTC 2026
Server is healthy: Mon Mar 23 07:54:01 UTC 2026
Server is healthy: Mon Mar 23 07:55:02 UTC 2026
Server is healthy: Mon Mar 23 07:56:01 UTC 2026
Server is healthy: Mon Mar 23 07:57:01 UTC 2026
Server is healthy: Mon Mar 23 07:58:01 UTC 2026
Server is healthy: Mon Mar 23 07:59:01 UTC 2026
Server is healthy: Mon Mar 23 08:00:01 UTC 2026
Server is healthy: Mon Mar 23 08:01:01 UTC 2026
Server is healthy: Mon Mar 23 08:02:01 UTC 2026
Server is healthy: Mon Mar 23 08:03:01 UTC 2026
Server is healthy: Mon Mar 23 08:04:01 UTC 2026
Server is healthy: Mon Mar 23 08:05:01 UTC 2026
Server is healthy: Mon Mar 23 08:06:01 UTC 2026
Server is healthy: Mon Mar 23 08:07:01 UTC 2026
Server is healthy: Mon Mar 23 08:08:01 UTC 2026
Server is healthy: Mon Mar 23 08:09:01 UTC 2026
Server is healthy: Mon Mar 23 08:10:01 UTC 2026
Server is healthy: Mon Mar 23 08:11:01 UTC 2026
Server is healthy: Mon Mar 23 08:12:01 UTC 2026
Server is healthy: Mon Mar 23 08:13:01 UTC 2026
Server is healthy: Mon Mar 23 08:14:01 UTC 2026
Server is healthy: Mon Mar 23 08:15:01 UTC 2026
Server is healthy: Mon Mar 23 08:16:01 UTC 2026
Server is healthy: Mon Mar 23 08:17:01 UTC 2026
Server is healthy: Mon Mar 23 08:18:01 UTC 2026
Server is healthy: Mon Mar 23 08:19:01 UTC 2026
Server is healthy: Mon Mar 23 08:20:01 UTC 2026
Server is healthy: Mon Mar 23 08:21:01 UTC 2026
Server is healthy: Mon Mar 23 08:22:01 UTC 2026
Server is healthy: Mon Mar 23 08:23:01 UTC 2026
Server is healthy: Mon Mar 23 08:24:01 UTC 2026
Server is healthy: Mon Mar 23 08:25:01 UTC 2026
Server is healthy: Mon Mar 23 08:26:01 UTC 2026
Server is healthy: Mon Mar 23 08:27:01 UTC 2026
Server is healthy: Mon Mar 23 08:28:02 UTC 2026
Server is healthy: Mon Mar 23 08:29:01 UTC 2026
Server is healthy: Mon Mar 23 08:30:01 UTC 2026
Server is healthy: Mon Mar 23 08:31:01 UTC 2026
Server is healthy: Mon Mar 23 09:12:54 UTC 2026
Server is healthy: Mon Mar 23 09:13:01 UTC 2026
Server is healthy: Mon Mar 23 09:14:01 UTC 2026
Server is healthy: Mon Mar 23 09:15:01 UTC 2026
Server is healthy: Mon Mar 23 09:16:01 UTC 2026
Server is healthy: Mon Mar 23 09:17:01 UTC 2026
Server is healthy: Mon Mar 23 09:18:01 UTC 2026
Server is healthy: Mon Mar 23 09:19:01 UTC 2026
Server is healthy: Mon Mar 23 09:20:01 UTC 2026
Server is healthy: Mon Mar 23 09:21:01 UTC 2026
Server is healthy: Mon Mar 23 09:22:01 UTC 2026
Server is healthy: Mon Mar 23 09:23:01 UTC 2026
Server is healthy: Mon Mar 23 09:24:01 UTC 2026
Server is healthy: Mon Mar 23 09:25:01 UTC 2026
Server is healthy: Mon Mar 23 09:26:01 UTC 2026
Server is healthy: Mon Mar 23 09:27:01 UTC 2026
Server is healthy: Mon Mar 23 09:28:01 UTC 2026
Server is healthy: Mon Mar 23 09:29:01 UTC 2026
Server is healthy: Mon Mar 23 09:30:02 UTC 2026
Server is healthy: Mon Mar 23 09:31:01 UTC 2026
Server is healthy: Mon Mar 23 09:32:01 UTC 2026
Server is healthy: Mon Mar 23 09:33:01 UTC 2026
Server is healthy: Mon Mar 23 09:34:01 UTC 2026
Server is healthy: Mon Mar 23 09:35:01 UTC 2026
Server is healthy: Mon Mar 23 09:36:01 UTC 2026
Server is healthy: Mon Mar 23 09:37:01 UTC 2026
Server is healthy: Mon Mar 23 09:38:01 UTC 2026
Server is healthy: Mon Mar 23 09:39:01 UTC 2026
Server is healthy: Mon Mar 23 09:40:01 UTC 2026
Server is healthy: Mon Mar 23 09:41:01 UTC 2026
Server is healthy: Mon Mar 23 09:42:02 UTC 2026
Server is healthy: Mon Mar 23 09:43:01 UTC 2026
Server is healthy: Mon Mar 23 09:44:02 UTC 2026
Server is healthy: Mon Mar 23 09:45:01 UTC 2026
Server is healthy: Mon Mar 23 09:46:01 UTC 2026
Server is healthy: Mon Mar 23 09:47:01 UTC 2026
Server is healthy: Mon Mar 23 09:48:01 UTC 2026
Server is healthy: Mon Mar 23 09:49:01 UTC 2026
Server is healthy: Mon Mar 23 09:50:01 UTC 2026
Server is healthy: Mon Mar 23 09:51:01 UTC 2026
Server is healthy: Mon Mar 23 09:52:01 UTC 2026
Server is healthy: Mon Mar 23 09:53:01 UTC 2026
Server is healthy: Mon Mar 23 09:54:01 UTC 2026
Server is healthy: Mon Mar 23 09:55:02 UTC 2026
Server is healthy: Mon Mar 23 09:56:01 UTC 2026
Server is healthy: Mon Mar 23 09:57:01 UTC 2026
Server is healthy: Mon Mar 23 09:58:01 UTC 2026
Server is healthy: Mon Mar 23 09:59:01 UTC 2026
Server is healthy: Mon Mar 23 10:00:01 UTC 2026
Server is healthy: Mon Mar 23 10:01:01 UTC 2026
Server is healthy: Mon Mar 23 10:02:01 UTC 2026
Server is healthy: Mon Mar 23 10:03:01 UTC 2026
Server is healthy: Mon Mar 23 10:04:01 UTC 2026
Server is healthy: Mon Mar 23 10:05:01 UTC 2026
Server is healthy: Mon Mar 23 10:06:01 UTC 2026
Server is healthy: Mon Mar 23 10:07:01 UTC 2026
Server is healthy: Mon Mar 23 10:08:01 UTC 2026
Server is healthy: Mon Mar 23 10:09:01 UTC 2026
Server is healthy: Mon Mar 23 10:10:01 UTC 2026
Server is healthy: Mon Mar 23 10:11:01 UTC 2026
Server is healthy: Mon Mar 23 10:12:01 UTC 2026
Server is healthy: Mon Mar 23 10:13:01 UTC 2026
Server is healthy: Mon Mar 23 10:14:01 UTC 2026
Server is healthy: Mon Mar 23 10:15:01 UTC 2026
Server is healthy: Mon Mar 23 10:16:01 UTC 2026
Server is healthy: Mon Mar 23 10:17:01 UTC 2026
Server is healthy: Mon Mar 23 10:18:01 UTC 2026
Server is healthy: Mon Mar 23 10:19:01 UTC 2026
Server is healthy: Mon Mar 23 10:20:01 UTC 2026
Server is healthy: Mon Mar 23 10:21:01 UTC 2026
Server is healthy: Mon Mar 23 10:22:01 UTC 2026
Server is healthy: Mon Mar 23 10:23:01 UTC 2026
Server is healthy: Mon Mar 23 10:24:02 UTC 2026
Server is healthy: Mon Mar 23 10:25:01 UTC 2026
Server is healthy: Mon Mar 23 10:26:01 UTC 2026
Server is healthy: Mon Mar 23 10:27:01 UTC 2026
Server is healthy: Mon Mar 23 10:28:01 UTC 2026
Server is healthy: Mon Mar 23 10:29:01 UTC 2026
Server is healthy: Mon Mar 23 10:30:01 UTC 2026
Server is healthy: Mon Mar 23 10:31:01 UTC 2026
Server is healthy: Mon Mar 23 10:32:01 UTC 2026
Server is healthy: Mon Mar 23 10:33:01 UTC 2026
Server is healthy: Mon Mar 23 10:34:01 UTC 2026
Server is healthy: Mon Mar 23 10:35:01 UTC 2026
Server is healthy: Mon Mar 23 10:36:01 UTC 2026
Server is healthy: Mon Mar 23 10:37:01 UTC 2026
Server is healthy: Mon Mar 23 10:38:01 UTC 2026
Server is healthy: Mon Mar 23 10:39:01 UTC 2026
Server is healthy: Mon Mar 23 10:40:01 UTC 2026
Server is healthy: Mon Mar 23 10:41:01 UTC 2026
Server is healthy: Mon Mar 23 10:42:05 UTC 2026
Server is healthy: Mon Mar 23 10:43:01 UTC 2026
Server is healthy: Mon Mar 23 10:44:01 UTC 2026
Server is healthy: Mon Mar 23 10:45:01 UTC 2026
Server is healthy: Mon Mar 23 10:46:01 UTC 2026
Server is healthy: Mon Mar 23 10:47:01 UTC 2026
Server is healthy: Mon Mar 23 10:48:01 UTC 2026
Server is healthy: Mon Mar 23 10:49:01 UTC 2026
Server is healthy: Mon Mar 23 10:50:01 UTC 2026
Server is healthy: Mon Mar 23 10:51:01 UTC 2026
Server is healthy: Mon Mar 23 10:52:01 UTC 2026
Server is healthy: Mon Mar 23 10:53:01 UTC 2026
Server is healthy: Mon Mar 23 10:54:01 UTC 2026
Server is healthy: Mon Mar 23 10:55:01 UTC 2026
Server is healthy: Mon Mar 23 10:56:01 UTC 2026
Server is healthy: Mon Mar 23 10:57:01 UTC 2026
Server is healthy: Mon Mar 23 10:58:01 UTC 2026
Server is healthy: Mon Mar 23 10:59:01 UTC 2026
Server is healthy: Mon Mar 23 11:00:01 UTC 2026
Server is healthy: Mon Mar 23 11:01:01 UTC 2026
Server is healthy: Mon Mar 23 11:02:02 UTC 2026
Server is healthy: Mon Mar 23 11:03:01 UTC 2026
Server is healthy: Mon Mar 23 11:04:01 UTC 2026
Server is healthy: Mon Mar 23 11:05:01 UTC 2026
Server is healthy: Mon Mar 23 11:06:01 UTC 2026
Server is healthy: Mon Mar 23 11:07:01 UTC 2026
Server is healthy: Mon Mar 23 11:08:01 UTC 2026
Server is healthy: Mon Mar 23 11:09:01 UTC 2026
Server is healthy: Mon Mar 23 11:10:01 UTC 2026
Server is healthy: Mon Mar 23 11:11:01 UTC 2026
Server is healthy: Mon Mar 23 11:12:01 UTC 2026
Server is healthy: Mon Mar 23 11:13:01 UTC 2026
Server is healthy: Mon Mar 23 11:14:01 UTC 2026
Server is healthy: Mon Mar 23 11:15:01 UTC 2026
Server is healthy: Mon Mar 23 11:16:02 UTC 2026
Server is healthy: Mon Mar 23 11:17:01 UTC 2026
Server is healthy: Mon Mar 23 11:18:01 UTC 2026
Server is healthy: Mon Mar 23 11:19:01 UTC 2026
Server is healthy: Mon Mar 23 11:20:01 UTC 2026
Server is healthy: Mon Mar 23 11:21:01 UTC 2026
Server is healthy: Mon Mar 23 11:22:01 UTC 2026
Server is healthy: Mon Mar 23 11:23:01 UTC 2026
Server is healthy: Mon Mar 23 11:24:01 UTC 2026
Server is healthy: Mon Mar 23 11:25:01 UTC 2026
Server is healthy: Mon Mar 23 11:26:01 UTC 2026
Server is healthy: Mon Mar 23 11:27:01 UTC 2026
Server is healthy: Mon Mar 23 11:28:01 UTC 2026
Server is healthy: Mon Mar 23 11:29:01 UTC 2026
Server is healthy: Mon Mar 23 11:30:01 UTC 2026
Server is healthy: Mon Mar 23 11:31:01 UTC 2026
Server is healthy: Mon Mar 23 11:32:01 UTC 2026
Server is healthy: Mon Mar 23 11:33:01 UTC 2026
Server is healthy: Mon Mar 23 11:34:01 UTC 2026
Server is healthy: Mon Mar 23 11:35:01 UTC 2026
Server is healthy: Mon Mar 23 11:36:01 UTC 2026
Server is healthy: Mon Mar 23 11:37:01 UTC 2026
Server is healthy: Mon Mar 23 11:38:01 UTC 2026
Server is healthy: Mon Mar 23 11:39:01 UTC 2026
Server is healthy: Mon Mar 23 11:40:01 UTC 2026
Server is healthy: Mon Mar 23 11:41:01 UTC 2026
Server is healthy: Mon Mar 23 11:42:01 UTC 2026
Server is healthy: Mon Mar 23 11:43:01 UTC 2026
Server is healthy: Mon Mar 23 11:44:01 UTC 2026
Server is healthy: Mon Mar 23 11:45:01 UTC 2026
Server is healthy: Mon Mar 23 11:46:01 UTC 2026
Server is healthy: Mon Mar 23 11:47:01 UTC 2026
Server is healthy: Mon Mar 23 11:48:01 UTC 2026
Server is healthy: Mon Mar 23 11:49:01 UTC 2026
Server is healthy: Mon Mar 23 11:50:01 UTC 2026
Server is healthy: Mon Mar 23 11:51:01 UTC 2026
Server is healthy: Mon Mar 23 11:52:01 UTC 2026
Server is healthy: Mon Mar 23 11:53:01 UTC 2026
Server is healthy: Mon Mar 23 11:54:02 UTC 2026
Server is healthy: Mon Mar 23 11:55:01 UTC 2026
Server is healthy: Mon Mar 23 11:56:01 UTC 2026
Server is healthy: Mon Mar 23 11:57:01 UTC 2026
Server is healthy: Mon Mar 23 11:58:01 UTC 2026
Server is healthy: Mon Mar 23 11:59:01 UTC 2026
Server is healthy: Mon Mar 23 12:00:01 UTC 2026
Server is healthy: Mon Mar 23 12:01:01 UTC 2026
Server is healthy: Mon Mar 23 12:02:01 UTC 2026
Server is healthy: Mon Mar 23 12:03:01 UTC 2026
Server is healthy: Mon Mar 23 12:04:01 UTC 2026
Server is healthy: Mon Mar 23 12:05:01 UTC 2026
Server is healthy: Mon Mar 23 12:06:01 UTC 2026
Server is healthy: Mon Mar 23 12:07:02 UTC 2026
Server is healthy: Mon Mar 23 12:08:01 UTC 2026
Server is healthy: Mon Mar 23 12:09:01 UTC 2026
Server is healthy: Mon Mar 23 12:10:01 UTC 2026
Server is healthy: Mon Mar 23 12:11:01 UTC 2026
Server is healthy: Mon Mar 23 12:12:01 UTC 2026
Server is healthy: Mon Mar 23 12:13:01 UTC 2026
Server is healthy: Mon Mar 23 12:14:01 UTC 2026
Server is healthy: Mon Mar 23 12:15:01 UTC 2026
Server is healthy: Mon Mar 23 12:16:01 UTC 2026
Server is healthy: Mon Mar 23 12:17:01 UTC 2026
Server is healthy: Mon Mar 23 12:18:01 UTC 2026
Server is healthy: Mon Mar 23 12:19:01 UTC 2026
Server is healthy: Mon Mar 23 12:20:01 UTC 2026
Server is healthy: Mon Mar 23 12:21:01 UTC 2026
Server is healthy: Mon Mar 23 12:22:01 UTC 2026
Server is healthy: Mon Mar 23 12:23:01 UTC 2026
Server is healthy: Mon Mar 23 12:24:02 UTC 2026
Server is healthy: Mon Mar 23 12:25:01 UTC 2026
Server is healthy: Mon Mar 23 12:26:01 UTC 2026
Server is healthy: Mon Mar 23 12:27:01 UTC 2026
Server is healthy: Mon Mar 23 12:28:01 UTC 2026
Server is healthy: Mon Mar 23 12:29:01 UTC 2026
Server is healthy: Mon Mar 23 12:30:01 UTC 2026
Server is healthy: Mon Mar 23 12:31:01 UTC 2026
Server is healthy: Mon Mar 23 12:32:01 UTC 2026
Server is healthy: Mon Mar 23 12:33:01 UTC 2026
Server is healthy: Mon Mar 23 12:34:01 UTC 2026
Server is healthy: Mon Mar 23 12:35:01 UTC 2026
Server is healthy: Mon Mar 23 12:36:01 UTC 2026
Server is healthy: Mon Mar 23 12:37:01 UTC 2026
Server is healthy: Mon Mar 23 12:38:01 UTC 2026
Server is healthy: Mon Mar 23 12:39:01 UTC 2026
Server is healthy: Mon Mar 23 12:40:01 UTC 2026
Server is healthy: Mon Mar 23 12:41:01 UTC 2026
Server is healthy: Mon Mar 23 12:42:01 UTC 2026
Server is healthy: Mon Mar 23 12:43:01 UTC 2026
Server is healthy: Mon Mar 23 12:44:02 UTC 2026
Server is healthy: Mon Mar 23 12:45:01 UTC 2026
Server is healthy: Mon Mar 23 12:46:01 UTC 2026
Server is healthy: Mon Mar 23 12:47:01 UTC 2026
Server is healthy: Mon Mar 23 12:48:01 UTC 2026
Server is healthy: Mon Mar 23 12:49:01 UTC 2026
Server is healthy: Mon Mar 23 12:50:01 UTC 2026
Server is healthy: Mon Mar 23 12:51:01 UTC 2026
Server is healthy: Mon Mar 23 12:52:01 UTC 2026
Server is healthy: Mon Mar 23 12:53:01 UTC 2026
Server is healthy: Mon Mar 23 12:54:01 UTC 2026
Server is healthy: Mon Mar 23 12:55:01 UTC 2026
Server is healthy: Mon Mar 23 12:56:01 UTC 2026
Server is healthy: Mon Mar 23 12:57:01 UTC 2026
Server is healthy: Mon Mar 23 12:58:02 UTC 2026
Server is healthy: Mon Mar 23 12:59:01 UTC 2026
Server is healthy: Mon Mar 23 13:00:01 UTC 2026
Server is healthy: Mon Mar 23 13:01:01 UTC 2026
Server is healthy: Mon Mar 23 13:02:01 UTC 2026
Server is healthy: Mon Mar 23 13:03:01 UTC 2026
Server is healthy: Mon Mar 23 13:04:01 UTC 2026
Server is healthy: Mon Mar 23 13:05:01 UTC 2026
Server is healthy: Mon Mar 23 13:06:01 UTC 2026
Server is healthy: Mon Mar 23 13:07:01 UTC 2026
Server is healthy: Mon Mar 23 13:08:01 UTC 2026
Server is healthy: Mon Mar 23 13:09:01 UTC 2026
Server is healthy: Mon Mar 23 13:10:01 UTC 2026
Server is healthy: Mon Mar 23 13:11:01 UTC 2026
Server is healthy: Mon Mar 23 13:12:01 UTC 2026
Server is healthy: Mon Mar 23 13:13:01 UTC 2026
Server is healthy: Mon Mar 23 13:14:01 UTC 2026
Server is healthy: Mon Mar 23 13:15:02 UTC 2026
Server is healthy: Mon Mar 23 13:16:01 UTC 2026
Server is healthy: Mon Mar 23 13:17:01 UTC 2026
Server is healthy: Mon Mar 23 13:18:01 UTC 2026
Server is healthy: Mon Mar 23 13:19:01 UTC 2026
Server is healthy: Mon Mar 23 13:20:01 UTC 2026
Server is healthy: Mon Mar 23 13:21:01 UTC 2026
Server is healthy: Mon Mar 23 13:22:01 UTC 2026
Server is healthy: Tue Mar 24 09:18:01 UTC 2026
Server is healthy: Tue Mar 24 09:19:01 UTC 2026
Server is healthy: Tue Mar 24 09:20:01 UTC 2026
Server is healthy: Tue Mar 24 09:21:01 UTC 2026
Server is healthy: Tue Mar 24 09:22:01 UTC 2026
Server is healthy: Tue Mar 24 09:23:01 UTC 2026
Server is healthy: Tue Mar 24 09:24:01 UTC 2026
Server is healthy: Tue Mar 24 09:25:01 UTC 2026
Server is healthy: Tue Mar 24 09:26:02 UTC 2026
Server is healthy: Tue Mar 24 09:27:01 UTC 2026
Server is healthy: Tue Mar 24 09:28:01 UTC 2026
Server is healthy: Tue Mar 24 09:29:01 UTC 2026
Server is healthy: Tue Mar 24 09:30:01 UTC 2026
Server is healthy: Tue Mar 24 09:31:00 UTC 2026
Server is healthy: Tue Mar 24 09:32:02 UTC 2026
Server is healthy: Tue Mar 24 09:33:01 UTC 2026
Server is healthy: Tue Mar 24 09:34:01 UTC 2026
Server is healthy: Tue Mar 24 09:35:01 UTC 2026
Server is healthy: Tue Mar 24 09:36:01 UTC 2026
Server is healthy: Tue Mar 24 09:37:01 UTC 2026
Server is healthy: Tue Mar 24 09:38:01 UTC 2026
Server is healthy: Tue Mar 24 09:39:01 UTC 2026
Server is healthy: Tue Mar 24 09:40:01 UTC 2026
Server is healthy: Tue Mar 24 09:41:01 UTC 2026
Server is healthy: Tue Mar 24 09:42:01 UTC 2026
Server is healthy: Tue Mar 24 09:43:01 UTC 2026
Server is healthy: Tue Mar 24 09:44:01 UTC 2026
Server is healthy: Tue Mar 24 09:45:01 UTC 2026
Server is healthy: Tue Mar 24 09:46:01 UTC 2026
Server is healthy: Tue Mar 24 09:47:01 UTC 2026
Server is healthy: Tue Mar 24 09:48:01 UTC 2026
Server is healthy: Tue Mar 24 09:49:01 UTC 2026
Server is healthy: Tue Mar 24 09:50:01 UTC 2026
Server is healthy: Tue Mar 24 09:51:00 UTC 2026
Server is healthy: Tue Mar 24 09:52:01 UTC 2026
Server is healthy: Tue Mar 24 09:53:01 UTC 2026
Server is healthy: Tue Mar 24 09:54:01 UTC 2026
Server is healthy: Tue Mar 24 09:55:01 UTC 2026
Server is healthy: Tue Mar 24 09:56:01 UTC 2026
Server is healthy: Tue Mar 24 09:57:01 UTC 2026
Server is healthy: Tue Mar 24 09:58:01 UTC 2026
Server is healthy: Tue Mar 24 09:59:01 UTC 2026
Server is healthy: Tue Mar 24 10:00:01 UTC 2026
Server is healthy: Tue Mar 24 10:01:01 UTC 2026
Server is healthy: Tue Mar 24 10:02:01 UTC 2026
Server is healthy: Tue Mar 24 10:03:01 UTC 2026
Server is healthy: Tue Mar 24 10:04:01 UTC 2026
Server is healthy: Tue Mar 24 10:05:01 UTC 2026
Server is healthy: Tue Mar 24 10:06:02 UTC 2026
Server is healthy: Tue Mar 24 10:07:01 UTC 2026
Server is healthy: Tue Mar 24 10:08:02 UTC 2026
Server is healthy: Tue Mar 24 10:09:02 UTC 2026
Server is healthy: Tue Mar 24 10:10:01 UTC 2026
Server is healthy: Tue Mar 24 10:11:01 UTC 2026
Server is healthy: Tue Mar 24 10:12:01 UTC 2026
Server is healthy: Tue Mar 24 10:13:01 UTC 2026
Server is healthy: Tue Mar 24 10:14:01 UTC 2026
Server is healthy: Tue Mar 24 10:15:01 UTC 2026
Server is healthy: Tue Mar 24 10:16:01 UTC 2026
Server is healthy: Tue Mar 24 10:17:01 UTC 2026
Server is healthy: Tue Mar 24 10:18:01 UTC 2026
Server is healthy: Tue Mar 24 10:19:01 UTC 2026
Server is healthy: Tue Mar 24 10:20:02 UTC 2026
Server is healthy: Tue Mar 24 10:21:01 UTC 2026
Server is healthy: Tue Mar 24 10:22:04 UTC 2026
Server is healthy: Tue Mar 24 10:23:04 UTC 2026
Server is healthy: Tue Mar 24 10:24:01 UTC 2026
Server is healthy: Tue Mar 24 10:25:02 UTC 2026
Server is healthy: Tue Mar 24 10:26:01 UTC 2026
Server is healthy: Tue Mar 24 10:27:01 UTC 2026
Server is healthy: Tue Mar 24 10:28:01 UTC 2026
Server is healthy: Tue Mar 24 10:29:01 UTC 2026
Server is healthy: Tue Mar 24 10:30:02 UTC 2026
Server is healthy: Tue Mar 24 10:31:01 UTC 2026
Server is healthy: Tue Mar 24 10:32:01 UTC 2026
Server is healthy: Tue Mar 24 10:33:01 UTC 2026
Server is healthy: Tue Mar 24 10:34:02 UTC 2026
Server is healthy: Tue Mar 24 10:35:01 UTC 2026
Server is healthy: Tue Mar 24 10:36:01 UTC 2026
Server is healthy: Tue Mar 24 10:37:01 UTC 2026
Server is healthy: Tue Mar 24 10:38:01 UTC 2026
Server is healthy: Tue Mar 24 10:39:01 UTC 2026
Server is healthy: Tue Mar 24 10:40:01 UTC 2026
Server is healthy: Tue Mar 24 10:41:01 UTC 2026
Server is healthy: Tue Mar 24 10:42:01 UTC 2026
Server is healthy: Tue Mar 24 10:43:01 UTC 2026
Server is healthy: Tue Mar 24 10:44:01 UTC 2026
Server is healthy: Tue Mar 24 10:45:01 UTC 2026
Server is healthy: Tue Mar 24 10:46:02 UTC 2026
Server is healthy: Tue Mar 24 10:47:01 UTC 2026
Server is healthy: Tue Mar 24 10:48:01 UTC 2026
Server is healthy: Tue Mar 24 10:49:01 UTC 2026
Server is healthy: Tue Mar 24 10:50:01 UTC 2026
Server is healthy: Tue Mar 24 10:51:01 UTC 2026
Server is healthy: Tue Mar 24 10:52:01 UTC 2026
Server is healthy: Tue Mar 24 10:53:01 UTC 2026
Server is healthy: Tue Mar 24 10:54:02 UTC 2026
Server is healthy: Tue Mar 24 10:55:01 UTC 2026
Server is healthy: Tue Mar 24 10:56:01 UTC 2026
Server is healthy: Tue Mar 24 10:57:01 UTC 2026
Server is healthy: Tue Mar 24 10:58:01 UTC 2026
Server is healthy: Tue Mar 24 10:59:01 UTC 2026
Server is healthy: Tue Mar 24 11:00:01 UTC 2026
Server is healthy: Tue Mar 24 11:01:01 UTC 2026
Server is healthy: Tue Mar 24 11:02:02 UTC 2026
Server is healthy: Tue Mar 24 11:03:01 UTC 2026
Server is healthy: Tue Mar 24 11:04:01 UTC 2026
Server is healthy: Tue Mar 24 11:05:06 UTC 2026
Server is healthy: Tue Mar 24 11:06:01 UTC 2026
Server is healthy: Tue Mar 24 11:07:01 UTC 2026
Server is healthy: Tue Mar 24 11:08:01 UTC 2026
Server is healthy: Tue Mar 24 11:09:01 UTC 2026
Server is healthy: Tue Mar 24 11:10:01 UTC 2026
Server is healthy: Tue Mar 24 11:11:01 UTC 2026
Server is healthy: Tue Mar 24 11:12:01 UTC 2026
Server is healthy: Tue Mar 24 11:13:02 UTC 2026
Server is healthy: Tue Mar 24 11:14:01 UTC 2026
Server is healthy: Tue Mar 24 11:15:01 UTC 2026
Server is healthy: Tue Mar 24 11:16:01 UTC 2026
Server is healthy: Tue Mar 24 11:17:01 UTC 2026
Server is healthy: Tue Mar 24 11:18:02 UTC 2026
Server is healthy: Tue Mar 24 11:19:04 UTC 2026
Server is healthy: Tue Mar 24 11:20:01 UTC 2026
Server is healthy: Tue Mar 24 11:21:01 UTC 2026
Server is healthy: Tue Mar 24 11:22:01 UTC 2026
Server is healthy: Tue Mar 24 11:23:01 UTC 2026
Server is healthy: Tue Mar 24 11:24:01 UTC 2026
Server is healthy: Tue Mar 24 11:25:01 UTC 2026
Server is healthy: Tue Mar 24 11:26:01 UTC 2026
Server is healthy: Tue Mar 24 11:27:04 UTC 2026
Server is healthy: Tue Mar 24 11:28:02 UTC 2026
Server is healthy: Tue Mar 24 11:29:06 UTC 2026
Server is healthy: Tue Mar 24 11:30:01 UTC 2026
Server is healthy: Tue Mar 24 11:31:02 UTC 2026
Server is healthy: Tue Mar 24 11:32:01 UTC 2026
Server is healthy: Tue Mar 24 11:33:01 UTC 2026
Server is healthy: Tue Mar 24 11:34:01 UTC 2026
Server is healthy: Tue Mar 24 11:35:01 UTC 2026
Server is healthy: Tue Mar 24 11:36:01 UTC 2026
Server is healthy: Tue Mar 24 11:37:01 UTC 2026
Server is healthy: Tue Mar 24 11:38:01 UTC 2026
Server is healthy: Tue Mar 24 11:39:01 UTC 2026
Server is healthy: Tue Mar 24 11:40:01 UTC 2026
Server is healthy: Tue Mar 24 11:41:01 UTC 2026
Server is healthy: Tue Mar 24 11:42:01 UTC 2026
Server is healthy: Tue Mar 24 11:43:01 UTC 2026
Server is healthy: Tue Mar 24 11:44:03 UTC 2026
Server is healthy: Tue Mar 24 11:45:01 UTC 2026
Server is healthy: Tue Mar 24 11:46:01 UTC 2026
Server is healthy: Tue Mar 24 11:47:01 UTC 2026
Server is healthy: Tue Mar 24 11:48:01 UTC 2026
Server is healthy: Tue Mar 24 11:49:01 UTC 2026
Server is healthy: Tue Mar 24 11:50:01 UTC 2026
Server is healthy: Tue Mar 24 11:51:01 UTC 2026
Server is healthy: Tue Mar 24 11:52:01 UTC 2026
Server is healthy: Tue Mar 24 11:53:01 UTC 2026
Server is healthy: Tue Mar 24 11:54:01 UTC 2026
Server is healthy: Tue Mar 24 11:55:01 UTC 2026
Server is healthy: Tue Mar 24 11:56:01 UTC 2026
Server is healthy: Tue Mar 24 11:57:01 UTC 2026
Server is healthy: Tue Mar 24 11:58:01 UTC 2026
Server is healthy: Tue Mar 24 11:59:02 UTC 2026
Server is healthy: Tue Mar 24 12:00:01 UTC 2026
Server is healthy: Tue Mar 24 12:01:01 UTC 2026
Server is healthy: Tue Mar 24 12:02:01 UTC 2026
Server is healthy: Tue Mar 24 12:03:01 UTC 2026
Server is healthy: Tue Mar 24 12:04:01 UTC 2026
Server is healthy: Tue Mar 24 12:05:01 UTC 2026
Server is healthy: Tue Mar 24 12:06:01 UTC 2026
Server is healthy: Tue Mar 24 12:07:01 UTC 2026
Server is healthy: Tue Mar 24 12:08:01 UTC 2026
Server is healthy: Tue Mar 24 12:09:01 UTC 2026
Server is healthy: Tue Mar 24 12:10:01 UTC 2026
Server is healthy: Tue Mar 24 12:11:02 UTC 2026
Server is healthy: Tue Mar 24 12:12:01 UTC 2026
Server is healthy: Tue Mar 24 12:13:01 UTC 2026
Server is healthy: Tue Mar 24 12:14:01 UTC 2026
Server is healthy: Tue Mar 24 12:15:01 UTC 2026
Server is healthy: Tue Mar 24 12:16:01 UTC 2026
Server is healthy: Tue Mar 24 12:17:02 UTC 2026
Server is healthy: Tue Mar 24 12:18:01 UTC 2026
Server is healthy: Tue Mar 24 12:19:01 UTC 2026
Server is healthy: Tue Mar 24 12:20:01 UTC 2026
Server is healthy: Tue Mar 24 12:21:01 UTC 2026
Server is healthy: Tue Mar 24 12:22:01 UTC 2026
Server is healthy: Tue Mar 24 12:23:01 UTC 2026
Server is healthy: Tue Mar 24 12:24:01 UTC 2026
Server is healthy: Tue Mar 24 12:25:01 UTC 2026
Server is healthy: Tue Mar 24 12:26:01 UTC 2026
Server is healthy: Tue Mar 24 12:27:02 UTC 2026
Server is healthy: Tue Mar 24 12:28:01 UTC 2026
Server is healthy: Tue Mar 24 12:29:01 UTC 2026
Server is healthy: Tue Mar 24 12:30:01 UTC 2026
Server is healthy: Tue Mar 24 12:31:02 UTC 2026
Server is healthy: Tue Mar 24 12:32:01 UTC 2026
Server is healthy: Tue Mar 24 12:33:01 UTC 2026
Server is healthy: Tue Mar 24 12:34:01 UTC 2026
Server is healthy: Tue Mar 24 12:35:01 UTC 2026
Server is healthy: Tue Mar 24 12:36:01 UTC 2026
Server is healthy: Tue Mar 24 12:37:01 UTC 2026
Server is healthy: Tue Mar 24 12:38:01 UTC 2026
Server is healthy: Tue Mar 24 12:39:03 UTC 2026
Server is healthy: Tue Mar 24 12:40:01 UTC 2026
Server is healthy: Tue Mar 24 12:41:01 UTC 2026
Server is healthy: Tue Mar 24 12:42:01 UTC 2026
Server is healthy: Tue Mar 24 12:43:01 UTC 2026
Server is healthy: Tue Mar 24 12:44:01 UTC 2026
Server is healthy: Tue Mar 24 12:45:01 UTC 2026
Server is healthy: Tue Mar 24 12:46:01 UTC 2026
Server is healthy: Tue Mar 24 12:47:01 UTC 2026
Server is healthy: Tue Mar 24 12:48:01 UTC 2026
Server is healthy: Tue Mar 24 12:49:01 UTC 2026
Server is healthy: Tue Mar 24 12:50:01 UTC 2026
Server is healthy: Tue Mar 24 12:51:01 UTC 2026
Server is healthy: Tue Mar 24 12:52:01 UTC 2026
Server is healthy: Tue Mar 24 12:53:01 UTC 2026
Server is healthy: Tue Mar 24 12:54:01 UTC 2026
Server is healthy: Tue Mar 24 12:55:01 UTC 2026
Server is healthy: Tue Mar 24 12:56:01 UTC 2026
Server is healthy: Tue Mar 24 12:57:01 UTC 2026
Server is healthy: Tue Mar 24 12:58:01 UTC 2026
Server is healthy: Tue Mar 24 12:59:01 UTC 2026
Server is healthy: Tue Mar 24 13:00:01 UTC 2026
Server is healthy: Tue Mar 24 13:01:01 UTC 2026
Server is healthy: Tue Mar 24 13:02:01 UTC 2026
Server is healthy: Tue Mar 24 13:03:01 UTC 2026
Server is healthy: Tue Mar 24 13:04:01 UTC 2026
Server is healthy: Tue Mar 24 13:05:01 UTC 2026
Server is healthy: Tue Mar 24 13:06:01 UTC 2026
Server is healthy: Tue Mar 24 13:07:01 UTC 2026
Server is healthy: Tue Mar 24 13:08:01 UTC 2026
Server is healthy: Tue Mar 24 13:09:01 UTC 2026
Server is healthy: Tue Mar 24 13:10:01 UTC 2026
Server is healthy: Tue Mar 24 13:11:01 UTC 2026
Server is healthy: Tue Mar 24 13:12:01 UTC 2026
Server is healthy: Tue Mar 24 13:13:01 UTC 2026
Server is healthy: Tue Mar 24 13:14:01 UTC 2026
Server is healthy: Tue Mar 24 13:15:02 UTC 2026
Server is healthy: Tue Mar 24 13:16:01 UTC 2026
Server is healthy: Wed Mar 25 04:50:02 UTC 2026
Server is healthy: Wed Mar 25 04:51:01 UTC 2026
Server is healthy: Wed Mar 25 04:52:01 UTC 2026
Server is healthy: Wed Mar 25 04:53:01 UTC 2026
Server is healthy: Wed Mar 25 04:54:01 UTC 2026
Server is healthy: Wed Mar 25 04:55:01 UTC 2026
Server is healthy: Wed Mar 25 04:56:01 UTC 2026
Server is healthy: Wed Mar 25 04:57:01 UTC 2026
Server is healthy: Wed Mar 25 04:58:01 UTC 2026
Server is healthy: Wed Mar 25 04:59:01 UTC 2026
Server is healthy: Wed Mar 25 05:00:01 UTC 2026
Server is healthy: Wed Mar 25 05:01:01 UTC 2026
Server is healthy: Wed Mar 25 05:02:01 UTC 2026
Server is healthy: Wed Mar 25 05:03:01 UTC 2026
Server is healthy: Wed Mar 25 05:04:01 UTC 2026
Server is healthy: Wed Mar 25 05:05:01 UTC 2026
Server is healthy: Wed Mar 25 05:06:01 UTC 2026
Server is healthy: Wed Mar 25 05:07:01 UTC 2026
Server is healthy: Wed Mar 25 05:08:02 UTC 2026
Server is healthy: Wed Mar 25 05:09:01 UTC 2026
Server is healthy: Wed Mar 25 05:10:01 UTC 2026
Server is healthy: Wed Mar 25 05:11:01 UTC 2026
Server is healthy: Wed Mar 25 05:12:01 UTC 2026
Server is healthy: Wed Mar 25 05:13:01 UTC 2026
Server is healthy: Wed Mar 25 05:14:01 UTC 2026
Server is healthy: Wed Mar 25 05:15:01 UTC 2026
Server is healthy: Wed Mar 25 05:16:02 UTC 2026
Server is healthy: Wed Mar 25 05:17:03 UTC 2026
Server is healthy: Wed Mar 25 05:18:01 UTC 2026
Server is healthy: Wed Mar 25 05:19:01 UTC 2026
Server is healthy: Wed Mar 25 05:20:01 UTC 2026
Server is healthy: Wed Mar 25 05:21:01 UTC 2026
Server is healthy: Wed Mar 25 05:22:01 UTC 2026
Server is healthy: Wed Mar 25 05:23:01 UTC 2026
Server is healthy: Wed Mar 25 05:24:01 UTC 2026
Server is healthy: Wed Mar 25 05:25:01 UTC 2026
Server is healthy: Wed Mar 25 05:26:01 UTC 2026
Server is healthy: Wed Mar 25 05:27:01 UTC 2026
Server is healthy: Wed Mar 25 05:28:01 UTC 2026
Server is healthy: Wed Mar 25 05:29:01 UTC 2026
Server is healthy: Wed Mar 25 05:30:01 UTC 2026
Server is healthy: Wed Mar 25 05:31:01 UTC 2026
Server is healthy: Wed Mar 25 05:32:02 UTC 2026
Server is healthy: Wed Mar 25 05:33:01 UTC 2026
Server is healthy: Wed Mar 25 05:34:01 UTC 2026
Server is healthy: Wed Mar 25 05:35:01 UTC 2026
Server is healthy: Wed Mar 25 05:36:01 UTC 2026
Server is healthy: Wed Mar 25 05:37:01 UTC 2026
Server is healthy: Wed Mar 25 05:38:01 UTC 2026
Server is healthy: Wed Mar 25 05:39:01 UTC 2026
Server is healthy: Wed Mar 25 05:40:01 UTC 2026
Server is healthy: Wed Mar 25 05:41:01 UTC 2026
Server is healthy: Wed Mar 25 05:42:01 UTC 2026
Server is healthy: Wed Mar 25 05:43:01 UTC 2026
Server is healthy: Wed Mar 25 05:44:01 UTC 2026
Server is healthy: Wed Mar 25 05:45:01 UTC 2026
Server is healthy: Wed Mar 25 05:46:01 UTC 2026
Server is healthy: Wed Mar 25 05:47:01 UTC 2026
Server is healthy: Wed Mar 25 05:48:01 UTC 2026
Server is healthy: Wed Mar 25 05:49:01 UTC 2026
Server is healthy: Wed Mar 25 05:50:01 UTC 2026
Server is healthy: Wed Mar 25 05:51:01 UTC 2026
Server is healthy: Wed Mar 25 05:52:01 UTC 2026
Server is healthy: Wed Mar 25 05:53:01 UTC 2026
Server is healthy: Wed Mar 25 05:54:01 UTC 2026
Server is healthy: Wed Mar 25 05:55:01 UTC 2026
Server is healthy: Wed Mar 25 05:56:01 UTC 2026
Server is healthy: Wed Mar 25 05:57:01 UTC 2026
Server is healthy: Wed Mar 25 05:58:01 UTC 2026
Server is healthy: Wed Mar 25 05:59:01 UTC 2026
Server is healthy: Wed Mar 25 06:00:01 UTC 2026
Server is healthy: Wed Mar 25 06:01:01 UTC 2026
Server is healthy: Wed Mar 25 06:02:01 UTC 2026
Server is healthy: Wed Mar 25 06:03:01 UTC 2026
Server is healthy: Wed Mar 25 06:04:01 UTC 2026
Server is healthy: Wed Mar 25 06:05:01 UTC 2026
Server is healthy: Wed Mar 25 06:06:01 UTC 2026
Server is healthy: Wed Mar 25 06:07:01 UTC 2026
Server is healthy: Wed Mar 25 06:08:01 UTC 2026
Server is healthy: Wed Mar 25 06:09:01 UTC 2026
Server is healthy: Wed Mar 25 06:10:01 UTC 2026
Server is healthy: Wed Mar 25 06:11:01 UTC 2026
Server is healthy: Wed Mar 25 06:12:01 UTC 2026
Server is healthy: Wed Mar 25 06:13:01 UTC 2026
Server is healthy: Wed Mar 25 06:14:01 UTC 2026
Server is healthy: Wed Mar 25 06:15:01 UTC 2026
Server is healthy: Wed Mar 25 06:16:01 UTC 2026
Server is healthy: Wed Mar 25 06:17:01 UTC 2026
Server is healthy: Wed Mar 25 06:18:01 UTC 2026
Server is healthy: Wed Mar 25 06:19:01 UTC 2026
Server is healthy: Wed Mar 25 06:20:01 UTC 2026
Server is healthy: Wed Mar 25 06:21:01 UTC 2026
Server is healthy: Wed Mar 25 06:22:01 UTC 2026
Server is healthy: Wed Mar 25 06:23:01 UTC 2026
Server is healthy: Wed Mar 25 06:24:01 UTC 2026
Server is healthy: Wed Mar 25 06:25:01 UTC 2026
Server is healthy: Wed Mar 25 06:26:01 UTC 2026
Server is healthy: Wed Mar 25 06:27:01 UTC 2026
Server is healthy: Wed Mar 25 06:28:01 UTC 2026
Server is healthy: Wed Mar 25 06:29:01 UTC 2026
Server is healthy: Wed Mar 25 06:30:01 UTC 2026
Server is healthy: Wed Mar 25 06:31:01 UTC 2026
Server is healthy: Wed Mar 25 06:32:01 UTC 2026
Server is healthy: Wed Mar 25 06:33:01 UTC 2026
Server is healthy: Wed Mar 25 06:34:01 UTC 2026
Server is healthy: Wed Mar 25 06:35:01 UTC 2026
Server is healthy: Wed Mar 25 06:36:01 UTC 2026
Server is healthy: Wed Mar 25 06:37:01 UTC 2026
Server is healthy: Wed Mar 25 06:38:01 UTC 2026
Server is healthy: Wed Mar 25 06:39:02 UTC 2026
Server is healthy: Wed Mar 25 06:40:01 UTC 2026
Server is healthy: Wed Mar 25 06:41:01 UTC 2026
Server is healthy: Wed Mar 25 06:42:01 UTC 2026
Server is healthy: Wed Mar 25 06:43:01 UTC 2026
Server is healthy: Wed Mar 25 06:44:01 UTC 2026
Server is healthy: Wed Mar 25 06:45:01 UTC 2026
Server is healthy: Wed Mar 25 06:46:01 UTC 2026
Server is healthy: Wed Mar 25 06:47:01 UTC 2026
Server is healthy: Wed Mar 25 06:48:01 UTC 2026
Server is healthy: Wed Mar 25 06:49:01 UTC 2026
Server is healthy: Wed Mar 25 06:50:01 UTC 2026
Server is healthy: Wed Mar 25 06:51:01 UTC 2026
Server is healthy: Wed Mar 25 06:52:01 UTC 2026
Server is healthy: Wed Mar 25 06:53:01 UTC 2026
Server is healthy: Wed Mar 25 06:54:01 UTC 2026
